// Jest Snapshot v1, https://goo.gl/fbAQLP

exports[`Notifier component Notifier render 1`] = `
<ContextConsumer>
  <Component />
</ContextConsumer>
`;
