// Jest Snapshot v1, https://goo.gl/fbAQLP

exports[`Logo component Logo render 1`] = `
<Link
  to="/"
>
  <Styled(MuiBox)
    className="makeStyles-logo-1"
  >
    <img
      alt="Logo"
      src="/img/logo.svg"
    />
  </Styled(MuiBox)>
</Link>
`;
