// Jest Snapshot v1, https://goo.gl/fbAQLP

exports[`Checkout component Checkout render 1`] = `
<ContextConsumer>
  <Component />
</ContextConsumer>
`;
