// Jest Snapshot v1, https://goo.gl/fbAQLP

exports[`Payment component Payment render 1`] = `
<ContextConsumer>
  <Component />
</ContextConsumer>
`;
