// Jest Snapshot v1, https://goo.gl/fbAQLP

exports[`Shipping component Shipping render 1`] = `
<ContextConsumer>
  <Component />
</ContextConsumer>
`;
